ESP-ROM:esp32s3-20210327
Build:Mar 27 2021
rst:0x15 (USB_UART_CHIP_RESET),boot:0xb (SPI_FAST_FLASH_BOOT)
Saved PC:0x4037a13a
SPIWP:0xee
mode:DIO, clock div:1
load:0x3fce2820,len:0x1188
load:0x403c8700,len:0x4
load:0x403c8704,len:0xbf0
load:0x403cb700,len:0x30e4
entry 0x403c88ac
InfiniTime ESP32-S3 Waveshare 1.75C starting
HW AXP2101 OK
HW I2C addresses: 18 34 40 5a 6b
HW internal RTC valid=1
HW TOUCH CST9217 OK
HW CO5300 466x466 OK psram=8388608
PAGE 0
READY
STATUS page=0 sleep=0 battery=100 mv=4120 charging=0 rtc=1 flush=12 heap=328624 touch=0 uptime=1944
